/usr/local/lib/python3.11/site-packages/pytest_asyncio/plugin.py:208: PytestDeprecationWarning: The configuration option "asyncio_default_fixture_loop_scope" is unset.
The event loop scope for asynchronous fixtures will default to the fixture caching scope. Future versions of pytest-asyncio will default the loop scope for asynchronous fixtures to function scope. Set the default fixture loop scope explicitly in order to avoid unexpected behavior in the future. Valid fixture loop scopes are: "function", "class", "module", "package", "session"

  warnings.warn(PytestDeprecationWarning(_DEFAULT_FIXTURE_LOOP_SCOPE_UNSET))
.F                                                                       [100%]
=================================== FAILURES ===================================
________________ test_corner_cases_days_match_excel_golden_file ________________

    @pytest.mark.integration
    def test_corner_cases_days_match_excel_golden_file():
        pytest.importorskip("openpyxl")
        if not DAYS_FIXTURE_PATH.exists():
            pytest.skip(f"Golden days fixture missing: {DAYS_FIXTURE_PATH}")
    
        _setup_backend_path()
        from app.db.session import SessionLocal
    
        rows = load_corner_case_days_rows()
        assert len(rows) == 1000
    
        db = SessionLocal()
        all_mismatches = []
    
        try:
            for row in rows:
                try:
                    breakdown = _calculate_days_row(
                        db,
                        row.trade,
                        row.client,
                        row.engineers,
                        row.days,
                        row.parking,
                        row.congestion,
                        row.materials,
                    )
                    quote_result = calculate_daily_result(db, row)
                except Exception as exc:
                    all_mismatches.append(
                        GoldenCompareMismatch(
                            row_num=row.row_num,
                            client=row.client,
                            trade=row.trade,
                            field="calculation_error",
                            expected="OK",
                            actual=str(exc),
                        )
                    )
                    continue
    
                all_mismatches.extend(compare_row_to_breakdown(row, breakdown, quote_result))
        finally:
            db.close()
    
        if all_mismatches:
>           pytest.fail(format_mismatch_report(all_mismatches))
E           Failed: Mismatches: 397
E             Row 4 (Atkinson McLeod / Carpenter) internal_notes: expected='Enter this information into internal notes:\nPRODUCT:\nIMPORTANT INFO:\nAtkinson McLeod Comms @ 15%\nDAILY (Up to 2 Days) QUOTE HELPER USED\nLINK/S & QUANTITY:\nWHO QUOTED:\nBEST ENGINEER:\n3  Carpenter  for  1  Day/s\n\nBUDGET: Materials:  £200 / Parking: £30 / CC: £15  / OH: £239\nTOTAL COST TO OPTIMAL:  Labour etc:  £1179  /  Materials etc:  £301\nTOTAL CHARGE TO CLIENT:  Labour:  £1475  / Materials etc:  £375\nPROFIT ON JOB:  £370 / 20%\n\nEXTERNAL DELIVERY:\nParking: £30 / CC: £15\nLabour Only:  £718 = Profit: £370 / 20%\nLabour & Materials:  £918 = Profit: £370 / 20%' actual='Enter this information into internal notes:\nPRODUCT:\nIMPORTANT INFO:\nAtkinson McLeod Comms @ 15%\nDAILY (Up to 2 Days) QUOTE HELPER USED\nLINK/S & QUANTITY:\nWHO QUOTED:\nBEST ENGINEER:\n3  Carpenter  for  1  Day/s\n\nBUDGET: Materials:  £200 / Parking: £30 / CC: £15  / OH: £239\nTOTAL COST TO OPTIMAL:  Labour etc:  £1178  /  Materials etc:  £301\nTOTAL CHARGE TO CLIENT:  Labour:  £1475  / Materials etc:  £375\nPROFIT ON JOB:  £370 / 20%\n\nEXTERNAL DELIVERY:\nParking: £30 / CC: £15\nLabour Only:  £718 = Profit: £370 / 20%\nLabour & Materials:  £918 = Profit: £370 / 20%'
E             Row 8 (Berkshire Hathaway / Carpenter) internal_notes: expected='Enter this information into internal notes:\nPRODUCT:\nIMPORTANT INFO:\nBerkshire Hathaway Comms @ 15%\nDAILY (Up to 2 Days) QUOTE HELPER USED\nLINK/S & QUANTITY:\nWHO QUOTED:\nBEST ENGINEER:\n7  Carpenter  for  1  Day/s\n\nBUDGET: Materials:  £330 / Parking: £70 / CC: £35  / OH: £559\nTOTAL COST TO OPTIMAL:  Labour etc:  £2750  /  Materials etc:  £536\nTOTAL CHARGE TO CLIENT:  Labour:  £3440  / Materials etc:  £670\nPROFIT ON JOB:  £824 / 20%\n\nEXTERNAL DELIVERY:\nParking: £70 / CC: £35\nLabour Only:  £1676 = Profit: £824 / 20%\nLabour & Materials:  £2006 = Profit: £824 / 20%' actual='Enter this information into internal notes:\nPRODUCT:\nIMPORTANT INFO:\nBerkshire Hathaway Comms @ 15%\nDAILY (Up to 2 Days) QUOTE HELPER USED\nLINK/S & QUANTITY:\nWHO QUOTED:\nBEST ENGINEER:\n7  Carpenter  for  1  Day/s\n\nBUDGET: Materials:  £330 / Parking: £70 / CC: £35  / OH: £559\nTOTAL COST TO OPTIMAL:  Labour etc:  £2751  /  Materials etc:  £536\nTOTAL CHARGE TO CLIENT:  Labour:  £3440  / Materials etc:  £670\nPROFIT ON JOB:  £824 / 20%\n\nEXTERNAL DELIVERY:\nParking: £70 / CC: £35\nLabour Only:  £1676 = Profit: £824 / 20%\nLabour & Materials:  £2006 = Profit: £824 / 20%'
E             Row 9 (Blinkleys / Carpenter) internal_notes: expected='Enter this information into internal notes:\nPRODUCT:\nIMPORTANT INFO:\nBlinkleys Comms @ 20%\nDAILY (Up to 2 Days) QUOTE HELPER USED\nLINK/S & QUANTITY:\nWHO QUOTED:\nBEST ENGINEER:\n8  Carpenter  for  1  Day/s\n\nBUDGET: Materials:  £370 / Parking: £80 / CC: £40  / OH: £638\nTOTAL COST TO OPTIMAL:  Labour etc:  £3405  /  Materials etc:  £653\nTOTAL CHARGE TO CLIENT:  Labour:  £4255  / Materials etc:  £815\nPROFIT ON JOB:  £1012 / 20%\n\nEXTERNAL DELIVERY:\nParking: £80 / CC: £40\nLabour Only:  £1915 = Profit: £1012 / 20%\nLabour & Materials:  £2285 = Profit: £1012 / 20%' actual='Enter this information into internal notes:\nPRODUCT:\nIMPORTANT INFO:\nBlinkleys Comms @ 20%\nDAILY (Up to 2 Days) QUOTE HELPER USED\nLINK/S & QUANTITY:\nWHO QUOTED:\nBEST ENGINEER:\n8  Carpenter  for  1  Day/s\n\nBUDGET: Materials:  £370 / Parking: £80 / CC: £40  / OH: £638\nTOTAL COST TO OPTIMAL:  Labour etc:  £3404  /  Materials etc:  £653\nTOTAL CHARGE TO CLIENT:  Labour:  £4255  / Materials etc:  £815\nPROFIT ON JOB:  £1012 / 20%\n\nEXTERNAL DELIVERY:\nParking: £80 / CC: £40\nLabour Only:  £1915 = Profit: £1012 / 20%\nLabour & Materials:  £2285 = Profit: £1012 / 20%'
E             Row 13 (Butler & Stag / Carpenter) internal_notes: expected='Enter this information into internal notes:\nPRODUCT:\nIMPORTANT INFO:\nButler & Stag Comms @ 10%\nDAILY (Up to 2 Days) QUOTE HELPER USED\nLINK/S & QUANTITY:\nWHO QUOTED:\nBEST ENGINEER:\n12  Carpenter  for  1  Day/s\n\nBUDGET: Materials:  £530 / Parking: £120 / CC: £60  / OH: £958\nTOTAL COST TO OPTIMAL:  Labour etc:  £4377  /  Materials etc:  £812\nTOTAL CHARGE TO CLIENT:  Labour:  £5470  / Materials etc:  £1015\nPROFIT ON JOB:  £1296 / 20%\n\nEXTERNAL DELIVERY:\nParking: £120 / CC: £60\nLabour Only:  £2873 = Profit: £1296 / 20%\nLabour & Materials:  £3403 = Profit: £1296 / 20%' actual='Enter this information into internal notes:\nPRODUCT:\nIMPORTANT INFO:\nButler & Stag Comms @ 10%\nDAILY (Up to 2 Days) QUOTE HELPER USED\nLINK/S & QUANTITY:\nWHO QUOTED:\nBEST ENGINEER:\n12  Carpenter  for  1  Day/s\n\nBUDGET: Materials:  £530 / Parking: £120 / CC: £60  / OH: £958\nTOTAL COST TO OPTIMAL:  Labour etc:  £4378  /  Materials etc:  £812\nTOTAL CHARGE TO CLIENT:  Labour:  £5470  / Materials etc:  £1015\nPROFIT ON JOB:  £1296 / 20%\n\nEXTERNAL DELIVERY:\nParking: £120 / CC: £60\nLabour Only:  £2873 = Profit: £1296 / 20%\nLabour & Materials:  £3403 = Profit: £1296 / 20%'
E             Row 14 (Campden Estates / Carpenter) internal_notes: expected='Enter this information into internal notes:\nPRODUCT:\nIMPORTANT INFO:\nCampden Estates Comms @ 0%\nDAILY (Up to 2 Days) QUOTE HELPER USED\nLINK/S & QUANTITY:\nWHO QUOTED:\nBEST ENGINEER:\n13  Carpenter  for  1  Day/s\n\nBUDGET: Materials:  £570 / Parking: £130 / CC: £65  / OH: £1037\nTOTAL COST TO OPTIMAL:  Labour etc:  £4150  /  Materials etc:  £765\nTOTAL CHARGE TO CLIENT:  Labour:  £5185  / Materials etc:  £955\nPROFIT ON JOB:  £1225 / 20%\n\nEXTERNAL DELIVERY:\nParking: £130 / CC: £65\nLabour Only:  £3112 = Profit: £1225 / 20%\nLabour & Materials:  £3682 = Profit: £1225 / 20%' actual='Enter this information into internal notes:\nPRODUCT:\nIMPORTANT INFO:\nCampden Estates Comms @ 0%\nDAILY (Up to 2 Days) QUOTE HELPER USED\nLINK/S & QUANTITY:\nWHO QUOTED:\nBEST ENGINEER:\n13  Carpenter  for  1  Day/s\n\nBUDGET: Materials:  £570 / Parking: £130 / CC: £65  / OH: £1037\nTOTAL COST TO OPTIMAL:  Labour etc:  £4149  /  Materials etc:  £765\nTOTAL CHARGE TO CLIENT:  Labour:  £5185  / Materials etc:  £955\nPROFIT ON JOB:  £1225 / 20%\n\nEXTERNAL DELIVERY:\nParking: £130 / CC: £65\nLabour Only:  £3112 = Profit: £1225 / 20%\nLabour & Materials:  £3682 = Profit: £1225 / 20%'
E             Row 18 (Chamberland Residential / Carpenter) internal_notes: expected='Enter this information into internal notes:\nPRODUCT:\nIMPORTANT INFO:\nChamberland Residential Comms @ 20%\nDAILY (Up to 2 Days) QUOTE HELPER USED\nLINK/S & QUANTITY:\nWHO QUOTED:\nBEST ENGINEER:\n17  Carpenter  for  1  Day/s\n\nBUDGET: Materials:  £730 / Parking: £170 / CC: £85  / OH: £1357\nTOTAL COST TO OPTIMAL:  Labour etc:  £7235  /  Materials etc:  £1313\nTOTAL CHARGE TO CLIENT:  Labour:  £9045  / Materials etc:  £1640\nPROFIT ON JOB:  £2137 / 20%\n\nEXTERNAL DELIVERY:\nParking: £170 / CC: £85\nLabour Only:  £4070 = Profit: £2137 / 20%\nLabour & Materials:  £4800 = Profit: £2137 / 20%' actual='Enter this information into internal notes:\nPRODUCT:\nIMPORTANT INFO:\nChamberland Residential Comms @ 20%\nDAILY (Up to 2 Days) QUOTE HELPER USED\nLINK/S & QUANTITY:\nWHO QUOTED:\nBEST ENGINEER:\n17  Carpenter  for  1  Day/s\n\nBUDGET: Materials:  £730 / Parking: £170 / CC: £85  / OH: £1357\nTOTAL COST TO OPTIMAL:  Labour etc:  £7236  /  Materials etc:  £1313\nTOTAL CHARGE TO CLIENT:  Labour:  £9045  / Materials etc:  £1640\nPROFIT ON JOB:  £2137 / 20%\n\nEXTERNAL DELIVERY:\nParking: £170 / CC: £85\nLabour Only:  £4070 = Profit: £2137 / 20%\nLabour & Materials:  £4800 = Profit: £2137 / 20%'
E             Row 19 (Chesterton / Carpenter) internal_notes: expected='Enter this information into internal notes:\nPRODUCT:\nIMPORTANT INFO:\nChesterton Comms @ 15%\nDAILY (Up to 2 Days) QUOTE HELPER USED\nLINK/S & QUANTITY:\nWHO QUOTED:\nBEST ENGINEER:\n18  Carpenter  for  1  Day/s\n\nBUDGET: Materials:  £770 / Parking: £180 / CC: £90  / OH: £1436\nTOTAL COST TO OPTIMAL:  Labour etc:  £7072  /  Materials etc:  £1280\nTOTAL CHARGE TO CLIENT:  Labour:  £8840  / Materials etc:  £1600\nPROFIT ON JOB:  £2088 / 20%\n\nEXTERNAL DELIVERY:\nParking: £180 / CC: £90\nLabour Only:  £4309 = Profit: £2088 / 20%\nLabour & Materials:  £5079 = Profit: £2088 / 20%' actual='Enter this information into internal notes:\nPRODUCT:\nIMPORTANT INFO:\nChesterton Comms @ 15%\nDAILY (Up to 2 Days) QUOTE HELPER USED\nLINK/S & QUANTITY:\nWHO QUOTED:\nBEST ENGINEER:\n18  Carpenter  for  1  Day/s\n\nBUDGET: Materials:  £770 / Parking: £180 / CC: £90  / OH: £1436\nTOTAL COST TO OPTIMAL:  Labour etc:  £7071  /  Materials etc:  £1280\nTOTAL CHARGE TO CLIENT:  Labour:  £8840  / Materials etc:  £1600\nPROFIT ON JOB:  £2088 / 20%\n\nEXTERNAL DELIVERY:\nParking: £180 / CC: £90\nLabour Only:  £4309 = Profit: £2088 / 20%\nLabour & Materials:  £5079 = Profit: £2088 / 20%'
E             Row 22 (Daniel Watney LLP / Carpenter) internal_notes: expected='Enter this information into internal notes:\nPRODUCT:\nIMPORTANT INFO:\nDaniel Watney LLP Comms @ 0%\nDAILY (Up to 2 Days) QUOTE HELPER USED\nLINK/S & QUANTITY:\nWHO QUOTED:\nBEST ENGINEER:\n1  Carpenter  for  2  Day/s\n\nBUDGET: Materials:  £890 / Parking: £210 / CC: £105  / OH: £160\nTOTAL COST TO OPTIMAL:  Labour etc:  £638  /  Materials etc:  £1205\nTOTAL CHARGE TO CLIENT:  Labour:  £800  / Materials etc:  £1505\nPROFIT ON JOB:  £462 / 20%\n\nEXTERNAL DELIVERY:\nParking: £210 / CC: £105\nLabour Only:  £479 = Profit: £462 / 20%\nLabour & Materials:  £1369 = Profit: £462 / 20%\n\nDONT FORGET TO UPLOAD TO FIXFLO' actual='Enter this information into internal notes:\nPRODUCT:\nIMPORTANT INFO:\nDaniel Watney LLP Comms @ 0%\nDAILY (Up to 2 Days) QUOTE HELPER USED\nLINK/S & QUANTITY:\nWHO QUOTED:\nBEST ENGINEER:\n1  Carpenter  for  2  Day/s\n\nBUDGET: Materials:  £890 / Parking: £210 / CC: £105  / OH: £160\nTOTAL COST TO OPTIMAL:  Labour etc:  £639  /  Materials etc:  £1205\nTOTAL CHARGE TO CLIENT:  Labour:  £800  / Materials etc:  £1505\nPROFIT ON JOB:  £462 / 20%\n\nEXTERNAL DELIVERY:\nParking: £210 / CC: £105\nLabour Only:  £479 = Profit: £462 / 20%\nLabour & Materials:  £1369 = Profit: £462 / 20%\n\nDONT FORGET TO UPLOAD TO FIXFLO'
E             Row 26 (Druce / Carpenter) internal_notes: expected='Enter this information into internal notes:\nPRODUCT:\nIMPORTANT INFO:\nDruce Comms @ 15%\nDAILY (Up to 2 Days) QUOTE HELPER USED\nLINK/S & QUANTITY:\nWHO QUOTED:\nBEST ENGINEER:\n5  Carpenter  for  2  Day/s\n\nBUDGET: Materials:  £1050 / Parking: £250 / CC: £125  / OH: £798\nTOTAL COST TO OPTIMAL:  Labour etc:  £3928  /  Materials etc:  £1754\nTOTAL CHARGE TO CLIENT:  Labour:  £4910  / Materials etc:  £2190\nPROFIT ON JOB:  £1418 / 20%\n\nEXTERNAL DELIVERY:\nParking: £250 / CC: £125\nLabour Only:  £2394 = Profit: £1418 / 20%\nLabour & Materials:  £3444 = Profit: £1418 / 20%' actual='Enter this information into internal notes:\nPRODUCT:\nIMPORTANT INFO:\nDruce Comms @ 15%\nDAILY (Up to 2 Days) QUOTE HELPER USED\nLINK/S & QUANTITY:\nWHO QUOTED:\nBEST ENGINEER:\n5  Carpenter  for  2  Day/s\n\nBUDGET: Materials:  £1050 / Parking: £250 / CC: £125  / OH: £798\nTOTAL COST TO OPTIMAL:  Labour etc:  £3929  /  Materials etc:  £1754\nTOTAL CHARGE TO CLIENT:  Labour:  £4910  / Materials etc:  £2190\nPROFIT ON JOB:  £1418 / 20%\n\nEXTERNAL DELIVERY:\nParking: £250 / CC: £125\nLabour Only:  £2394 = Profit: £1418 / 20%\nLabour & Materials:  £3444 = Profit: £1418 / 20%'
E             Row 27 (Easthaus / Carpenter) internal_notes: expected='Enter this information into internal notes:\nPRODUCT:\nIMPORTANT INFO:\nEasthaus Comms @ 10%\nDAILY (Up to 2 Days) QUOTE HELPER USED\nLINK/S & QUANTITY:\nWHO QUOTED:\nBEST ENGINEER:\n6  Carpenter  for  2  Day/s\n\nBUDGET: Materials:  £1090 / Parking: £260 / CC: £130  / OH: £958\nTOTAL COST TO OPTIMAL:  Labour etc:  £4377  /  Materials etc:  £1692\nTOTAL CHARGE TO CLIENT:  Labour:  £5470  / Materials etc:  £2115\nPROFIT ON JOB:  £1516 / 20%\n\nEXTERNAL DELIVERY:\nParking: £260 / CC: £130\nLabour Only:  £2873 = Profit: £1516 / 20%\nLabour & Materials:  £3963 = Profit: £1516 / 20%' actual='Enter this information into internal notes:\nPRODUCT:\nIMPORTANT INFO:\nEasthaus Comms @ 10%\nDAILY (Up to 2 Days) QUOTE HELPER USED\nLINK/S & QUANTITY:\nWHO QUOTED:\nBEST ENGINEER:\n6  Carpenter  for  2  Day/s\n\nBUDGET: Materials:  £1090 / Parking: £260 / CC: £130  / OH: £958\nTOTAL COST TO OPTIMAL:  Labour etc:  £4378  /  Materials etc:  £1692\nTOTAL CHARGE TO CLIENT:  Labour:  £5470  / Materials etc:  £2115\nPROFIT ON JOB:  £1516 / 20%\n\nEXTERNAL DELIVERY:\nParking: £260 / CC: £130\nLabour Only:  £2873 = Profit: £1516 / 20%\nLabour & Materials:  £3963 = Profit: £1516 / 20%'
E             ... and 387 more

tests/integration/test_corner_cases_internal_notes.py:144: Failed
=========================== short test summary info ============================
FAILED tests/integration/test_corner_cases_internal_notes.py::test_corner_cases_days_match_excel_golden_file
1 failed, 1 passed in 1119.24s (0:18:39)
